// Jest Snapshot v1, https://goo.gl/fbAQLP

exports[`Pruebas en FirstComponent Debe de hacer match con el snapshot 1`] = `
<div>
  <h1
    data-testid="test-title"
  >
    Hola, soy titulo
  </h1>
  <h2>
    Hola, soy el subtitulo
  </h2>
  <h2>
    Hola, soy el subtitulo
  </h2>
  <p>
    Hola, soy Alan
  </p>
</div>
`;
